error: asserted state is not declared
 --> tests/fail/ui/states/undeclared_assert.rs:8:21
  |
8 |     #[stated(assert(B))]
  |                     ^
