error: state is already rejected
 --> tests/ui/states/invalid/duplicate_reject.rs:8:24
  |
8 |     #[stated(reject(A, A))]
  |                        ^
