error: trait impls are not supported
 --> tests/fail/ui/input/impl_trait.rs:9:19
  |
9 | impl<#[stated] S> MyTrait for Test<S> {}
  |                   ^^^^^^^
