error: assigned state is not declared
 --> tests/ui/states/undeclared_assign.rs:8:21
  |
8 |     #[stated(assign(B))]
  |                     ^
